2025-01-07T17:01:58.088Z [info]: Starting Nest application...
2025-01-07T17:01:58.154Z [info]: PostgresDatabaseProviderModule dependencies initialized
2025-01-07T17:01:58.155Z [info]: TypeOrmModule dependencies initialized
2025-01-07T17:01:58.156Z [info]: FeaturesModule dependencies initialized
2025-01-07T17:01:58.158Z [info]: ConfigHostModule dependencies initialized
2025-01-07T17:01:58.161Z [info]: ConfigModule dependencies initialized
2025-01-07T17:01:58.162Z [info]: ConfigModule dependencies initialized
2025-01-07T17:01:58.163Z [info]: ConfigModule dependencies initialized
2025-01-07T17:01:58.164Z [info]: PostgresConfigModule dependencies initialized
2025-01-07T17:01:58.167Z [info]: ApiConfigModule dependencies initialized
2025-01-07T17:01:58.277Z [info]: AppModule dependencies initialized
2025-01-07T17:01:58.633Z [info]: TypeOrmCoreModule dependencies initialized
2025-01-07T17:01:58.636Z [info]: TypeOrmModule dependencies initialized
2025-01-07T17:01:58.640Z [info]: ProductsModule dependencies initialized
2025-01-07T17:01:58.790Z [info]: AppController {/api}:
2025-01-07T17:01:58.805Z [info]: Mapped {/api, GET} route
2025-01-07T17:01:58.806Z [info]: ProductsController {/api/products} (version: 1):
2025-01-07T17:01:58.810Z [info]: Mapped {/api/products, POST} (version: 1) route
2025-01-07T17:01:58.813Z [info]: Mapped {/api/products, GET} (version: 1) route
2025-01-07T17:01:58.815Z [info]: Mapped {/api/products/:id, GET} (version: 1) route
2025-01-07T17:01:58.819Z [info]: Mapped {/api/products/:id, PATCH} (version: 1) route
2025-01-07T17:01:58.821Z [info]: Mapped {/api/products/:id, DELETE} (version: 1) route
2025-01-07T17:01:58.833Z [info]: Nest application successfully started
